{
  "version": "1.5.0",
  "plugins_used": [
    {
      "name": "ArtifactoryDetector"
    },
    {
      "name": "AWSKeyDetector"
    },
    {
      "name": "AzureStorageKeyDetector"
    },
    {
      "name": "Base64HighEntropyString",
      "limit": 4.5
    },
    {
      "name": "BasicAuthDetector"
    },
    {
      "name": "CloudantDetector"
    },
    {
      "name": "DiscordBotTokenDetector"
    },
    {
      "name": "GitHubTokenDetector"
    },
    {
      "name": "GitLabTokenDetector"
    },
    {
      "name": "HexHighEntropyString",
      "limit": 3.0
    },
    {
      "name": "IbmCloudIamDetector"
    },
    {
      "name": "IbmCosHmacDetector"
    },
    {
      "name": "IPPublicDetector"
    },
    {
      "name": "JwtTokenDetector"
    },
    {
      "name": "KeywordDetector",
      "keyword_exclude": ""
    },
    {
      "name": "MailchimpDetector"
    },
    {
      "name": "NpmDetector"
    },
    {
      "name": "OpenAIDetector"
    },
    {
      "name": "PrivateKeyDetector"
    },
    {
      "name": "PypiTokenDetector"
    },
    {
      "name": "SendGridDetector"
    },
    {
      "name": "SlackDetector"
    },
    {
      "name": "SoftlayerDetector"
    },
    {
      "name": "SquareOAuthDetector"
    },
    {
      "name": "StripeDetector"
    },
    {
      "name": "TelegramBotTokenDetector"
    },
    {
      "name": "TwilioKeyDetector"
    }
  ],
  "filters_used": [
    {
      "path": "detect_secrets.filters.allowlist.is_line_allowlisted"
    },
    {
      "path": "detect_secrets.filters.common.is_baseline_file",
      "filename": ".secrets.baseline"
    },
    {
      "path": "detect_secrets.filters.common.is_ignored_due_to_verification_policies",
      "min_level": 2
    },
    {
      "path": "detect_secrets.filters.heuristic.is_indirect_reference"
    },
    {
      "path": "detect_secrets.filters.heuristic.is_likely_id_string"
    },
    {
      "path": "detect_secrets.filters.heuristic.is_lock_file"
    },
    {
      "path": "detect_secrets.filters.heuristic.is_not_alphanumeric_string"
    },
    {
      "path": "detect_secrets.filters.heuristic.is_potential_uuid"
    },
    {
      "path": "detect_secrets.filters.heuristic.is_prefixed_with_dollar_sign"
    },
    {
      "path": "detect_secrets.filters.heuristic.is_sequential_string"
    },
    {
      "path": "detect_secrets.filters.heuristic.is_swagger_file"
    },
    {
      "path": "detect_secrets.filters.heuristic.is_templated_secret"
    }
  ],
  "results": {
    ".github/workflows/ci.yml": [
      {
        "type": "Secret Keyword",
        "filename": ".github/workflows/ci.yml",
        "hashed_secret": "2f9b6a0260b86b4287b37393715922277b4bfbcf",
        "is_verified": false,
        "line_number": 92
      }
    ],
    "aios-db.lock.json": [
      {
        "type": "Hex High Entropy String",
        "filename": "aios-db.lock.json",
        "hashed_secret": "6fe391290229287add76ec24c1288dd826e4b2e2",
        "is_verified": false,
        "line_number": 2
      },
      {
        "type": "Hex High Entropy String",
        "filename": "aios-db.lock.json",
        "hashed_secret": "590911b7c2c0f52f6f4a6fbb4478f1308351441b",
        "is_verified": false,
        "line_number": 8
      }
    ],
    "aios-sdk.lock.json": [
      {
        "type": "Hex High Entropy String",
        "filename": "aios-sdk.lock.json",
        "hashed_secret": "d13daff052483f7b42d9157fec09eea843877ac9",
        "is_verified": false,
        "line_number": 2
      },
      {
        "type": "Hex High Entropy String",
        "filename": "aios-sdk.lock.json",
        "hashed_secret": "8eddc1e6c0cd2888e10f5fbeff428fa086c16849",
        "is_verified": false,
        "line_number": 9
      }
    ],
    "command_center/agent_runner.py": [
      {
        "type": "Base64 High Entropy String",
        "filename": "command_center/agent_runner.py",
        "hashed_secret": "348ac0938761f10a8980384da206e2516ae3d4b5",
        "is_verified": false,
        "line_number": 1496
      }
    ],
    "command_center/runtime/reports.py": [
      {
        "type": "Base64 High Entropy String",
        "filename": "command_center/runtime/reports.py",
        "hashed_secret": "348ac0938761f10a8980384da206e2516ae3d4b5",
        "is_verified": false,
        "line_number": 47
      }
    ],
    "ops/aicc_agent_launcher.py": [
      {
        "type": "Base64 High Entropy String",
        "filename": "ops/aicc_agent_launcher.py",
        "hashed_secret": "61e0f580e7ec831ad458afab1dc0ae0575b5afac",
        "is_verified": false,
        "line_number": 934,
        "is_secret": false
      }
    ],
    "packaging/homebrew/Casks/ai-command-center.rb": [
      {
        "type": "Hex High Entropy String",
        "filename": "packaging/homebrew/Casks/ai-command-center.rb",
        "hashed_secret": "eaaff0bd3b30b894e99ed3f0e4e3a41f64fc5f7a",
        "is_verified": false,
        "line_number": 18
      }
    ],
    "packaging/winget/DimastovLab.AICommandCenter.installer.yaml": [
      {
        "type": "AWS Access Key",
        "filename": "packaging/winget/DimastovLab.AICommandCenter.installer.yaml",
        "hashed_secret": "1540b28f1e1221afc541f6b43c11e6aad7f9aef3",
        "is_verified": false,
        "line_number": 12
      },
      {
        "type": "Hex High Entropy String",
        "filename": "packaging/winget/DimastovLab.AICommandCenter.installer.yaml",
        "hashed_secret": "c11a17ff5eb355a24c3ec0479e23836a7fbd064c",
        "is_verified": false,
        "line_number": 12
      }
    ],
    "tests/db/test_backup_script_guards.py": [
      {
        "type": "Secret Keyword",
        "filename": "tests/db/test_backup_script_guards.py",
        "hashed_secret": "d896c035e0a218445485c9365ea9736cb1f0eb89",
        "is_verified": false,
        "line_number": 24
      }
    ],
    "tests/db/test_config.py": [
      {
        "type": "Secret Keyword",
        "filename": "tests/db/test_config.py",
        "hashed_secret": "51f6d102e7a20646fd068031e4407f58b5012ce4",
        "is_verified": false,
        "line_number": 13
      },
      {
        "type": "Secret Keyword",
        "filename": "tests/db/test_config.py",
        "hashed_secret": "832604ded56857c2dab5ac3c1a8a05444c79816f",
        "is_verified": false,
        "line_number": 75
      },
      {
        "type": "Secret Keyword",
        "filename": "tests/db/test_config.py",
        "hashed_secret": "33e9936c59f057e2d57982a9d92eb062cc9c09fa",
        "is_verified": false,
        "line_number": 80
      },
      {
        "type": "Secret Keyword",
        "filename": "tests/db/test_config.py",
        "hashed_secret": "fe9ce0821e7c0dbeb2829d7f6b49d4951a12efa4",
        "is_verified": false,
        "line_number": 139
      }
    ],
    "tests/db/test_postgres_integration.py": [
      {
        "type": "Secret Keyword",
        "filename": "tests/db/test_postgres_integration.py",
        "hashed_secret": "0ba9fd98fac865ee85481c1dfa5f24a58cd0686a",
        "is_verified": false,
        "line_number": 606
      }
    ],
    "tests/desktop/test_home_page.py": [
      {
        "type": "Hex High Entropy String",
        "filename": "tests/desktop/test_home_page.py",
        "hashed_secret": "0151620b927a79f7658d3efc4572e3566a92546d",
        "is_verified": false,
        "line_number": 42
      },
      {
        "type": "Secret Keyword",
        "filename": "tests/desktop/test_home_page.py",
        "hashed_secret": "2211cdd83ce84359e600ddaa895371bfd539690a",
        "is_verified": false,
        "line_number": 430
      }
    ],
    "tests/desktop/test_workspace_home_page.py": [
      {
        "type": "Hex High Entropy String",
        "filename": "tests/desktop/test_workspace_home_page.py",
        "hashed_secret": "0151620b927a79f7658d3efc4572e3566a92546d",
        "is_verified": false,
        "line_number": 146
      }
    ],
    "tests/desktop/test_worktree_row.py": [
      {
        "type": "Hex High Entropy String",
        "filename": "tests/desktop/test_worktree_row.py",
        "hashed_secret": "0151620b927a79f7658d3efc4572e3566a92546d",
        "is_verified": false,
        "line_number": 19
      }
    ],
    "tests/test_agent_runner.py": [
      {
        "type": "Secret Keyword",
        "filename": "tests/test_agent_runner.py",
        "hashed_secret": "e625c8b2b85564e73f70e58de16883b702bb6b5a",
        "is_verified": false,
        "line_number": 213,
        "is_secret": false
      }
    ],
    "tests/test_aios_sdk_artifact.py": [
      {
        "type": "Hex High Entropy String",
        "filename": "tests/test_aios_sdk_artifact.py",
        "hashed_secret": "d13daff052483f7b42d9157fec09eea843877ac9",
        "is_verified": false,
        "line_number": 21
      },
      {
        "type": "Hex High Entropy String",
        "filename": "tests/test_aios_sdk_artifact.py",
        "hashed_secret": "8eddc1e6c0cd2888e10f5fbeff428fa086c16849",
        "is_verified": false,
        "line_number": 24
      }
    ],
    "tests/test_audit_remediation.py": [
      {
        "type": "Secret Keyword",
        "filename": "tests/test_audit_remediation.py",
        "hashed_secret": "0c0eddbe23539362303ed5760c1eaf8f98049a3e",
        "is_verified": false,
        "line_number": 27
      }
    ],
    "tests/test_codex_provider.py": [
      {
        "type": "Secret Keyword",
        "filename": "tests/test_codex_provider.py",
        "hashed_secret": "f1b5b9c92a3e38a7bc841a9e2bcd6497aaba998d",
        "is_verified": false,
        "line_number": 578
      },
      {
        "type": "Secret Keyword",
        "filename": "tests/test_codex_provider.py",
        "hashed_secret": "d543ca739fd2334fca364278710c523321d0cfaa",
        "is_verified": false,
        "line_number": 579
      }
    ],
    "tests/test_codex_safety_boundaries.py": [
      {
        "type": "Secret Keyword",
        "filename": "tests/test_codex_safety_boundaries.py",
        "hashed_secret": "fb4826dec6906b4bffcadd167978591af251572f",
        "is_verified": false,
        "line_number": 134
      },
      {
        "type": "Secret Keyword",
        "filename": "tests/test_codex_safety_boundaries.py",
        "hashed_secret": "b189ba22a681575fa4e0fbf895c6a721f64ee6a0",
        "is_verified": false,
        "line_number": 152
      }
    ],
    "tests/test_completion_ui.py": [
      {
        "type": "Hex High Entropy String",
        "filename": "tests/test_completion_ui.py",
        "hashed_secret": "e4f91dd323bac5bfc4f60a6e433787671dc2421d",
        "is_verified": false,
        "line_number": 44
      }
    ],
    "tests/test_copilot_provider.py": [
      {
        "type": "Secret Keyword",
        "filename": "tests/test_copilot_provider.py",
        "hashed_secret": "e25ce68fa6cd74e8ba2a78cebada4be43b78fab8",
        "is_verified": false,
        "line_number": 221
      }
    ],
    "tests/test_github.py": [
      {
        "type": "Hex High Entropy String",
        "filename": "tests/test_github.py",
        "hashed_secret": "c62f3cbbac55d7ab40da35aebb0370f75762e128",
        "is_verified": false,
        "line_number": 28
      }
    ],
    "tests/test_report_parser.py": [
      {
        "type": "Hex High Entropy String",
        "filename": "tests/test_report_parser.py",
        "hashed_secret": "ef678205593788329ff416ce5c65fa04f33a05bd",
        "is_verified": false,
        "line_number": 96
      },
      {
        "type": "Hex High Entropy String",
        "filename": "tests/test_report_parser.py",
        "hashed_secret": "ccdd30d64e668771bc1efb2028e833b044b6be3b",
        "is_verified": false,
        "line_number": 100
      }
    ]
  },
  "generated_at": "2026-08-25T16:22:26Z"
}
